// Jest Snapshot v1, https://goo.gl/fbAQLP

exports[`renders correctly 1`] = `
<div
  className="App"
>
  <h3>
    Let's do some math!
  </h3>
  <div
    className="screen"
  >
    0
  </div>
  <div
    className="buttons-container"
  >
    <div
      className="number"
    >
      <button
        className="button"
        onClick={[Function]}
        type="button"
      >
        AC
      </button>
    </div>
    <div
      className="number"
    >
      <button
        className="button"
        onClick={[Function]}
        type="button"
      >
        +/-
      </button>
    </div>
    <div
      className="number"
    >
      <button
        className="button"
        onClick={[Function]}
        type="button"
      >
        %
      </button>
    </div>
    <div
      className="number operator"
    >
      <button
        className="button"
        onClick={[Function]}
        type="button"
      >
        รท
      </button>
    </div>
    <div
      className="number"
    >
      <button
        className="button"
        onClick={[Function]}
        type="button"
      >
        7
      </button>
    </div>
    <div
      className="number"
    >
      <button
        className="button"
        onClick={[Function]}
        type="button"
      >
        8
      </button>
    </div>
    <div
      className="number"
    >
      <button
        className="button"
        onClick={[Function]}
        type="button"
      >
        9
      </button>
    </div>
    <div
      className="number operator"
    >
      <button
        className="button"
        onClick={[Function]}
        type="button"
      >
        x
      </button>
    </div>
    <div
      className="number"
    >
      <button
        className="button"
        onClick={[Function]}
        type="button"
      >
        4
      </button>
    </div>
    <div
      className="number"
    >
      <button
        className="button"
        onClick={[Function]}
        type="button"
      >
        5
      </button>
    </div>
    <div
      className="number"
    >
      <button
        className="button"
        onClick={[Function]}
        type="button"
      >
        6
      </button>
    </div>
    <div
      className="number operator"
    >
      <button
        className="button"
        onClick={[Function]}
        type="button"
      >
        -
      </button>
    </div>
    <div
      className="number"
    >
      <button
        className="button"
        onClick={[Function]}
        type="button"
      >
        1
      </button>
    </div>
    <div
      className="number"
    >
      <button
        className="button"
        onClick={[Function]}
        type="button"
      >
        2
      </button>
    </div>
    <div
      className="number"
    >
      <button
        className="button"
        onClick={[Function]}
        type="button"
      >
        3
      </button>
    </div>
    <div
      className="number operator"
    >
      <button
        className="button"
        onClick={[Function]}
        type="button"
      >
        +
      </button>
    </div>
    <div
      className="number zero"
    >
      <button
        className="button"
        onClick={[Function]}
        type="button"
      >
        0
      </button>
    </div>
    <div
      className="number"
    >
      <button
        className="button"
        onClick={[Function]}
        type="button"
      >
        .
      </button>
    </div>
    <div
      className="number operator"
    >
      <button
        className="button"
        onClick={[Function]}
        type="button"
      >
        =
      </button>
    </div>
  </div>
</div>
`;
